// Jest Snapshot v1, https://goo.gl/fbAQLP

exports[`SupplierSearchResults when searchResults exists renders the names correctly 1`] = `
<div
  className="container"
>
  <article
    role="main"
  >
    <div
      className="headingRow"
    >
      <div
        className="row"
      >
        <div
          className="col-md-4 col-sm-4"
        >
          Name
        </div>
        <div
          className="col-md-4 col-sm-4"
        >
          Update ceiling prices
        </div>
        <div
          className="col-md-4 col-sm-4"
        >
          Edit regions/service
        </div>
      </div>
    </div>
    <div
      className="supplierRow"
    >
      <div
        className="row supplier"
      >
        <div
          className="col-md-4 col-sm-4 supplier-name"
        >
          Test Supplier
        </div>
        <div
          className="col-md-4 col-sm-4 link"
        >
          <a
            onClick={[Function]}
          >
            Update prices
          </a>
        </div>
        <div
          className="col-md-4 col-sm-4 link"
        >
          Edit services and regions
        </div>
      </div>
    </div>
    <div
      className="supplierRow"
    >
      <div
        className="row supplier"
      >
        <div
          className="col-md-4 col-sm-4 supplier-name"
        >
          Another Supplier
        </div>
        <div
          className="col-md-4 col-sm-4 link"
        >
          <a
            onClick={[Function]}
          >
            Update prices
          </a>
        </div>
        <div
          className="col-md-4 col-sm-4 link"
        >
          Edit services and regions
        </div>
      </div>
    </div>
  </article>
</div>
`;
