// Jest Snapshot v1, https://goo.gl/fbAQLP

exports[`ReferralReadOnlyPage component renders correctly when error message is present 1`] = `
<main>
  <div
    className="row headerSection"
  >
    <div
      className="col-xs-12 col-sm-12"
    >
      <h1
        className="au-display-xl"
      >
        Referral Details
      </h1>
    </div>
  </div>
  <div
    className="row detailsRow"
  >
    <div
      className="col-sm-3 col-xs-12"
    >
      <div
        className="title"
      >
        Supplier
      </div>
    </div>
    <div />
  </div>
  <div
    className="row detailsRow"
  >
    <div
      className="col-sm-3 col-xs-12"
    >
      <div
        className="title"
      >
        Price
      </div>
    </div>
    <div>
      $undefined incl GST
    </div>
  </div>
  <div
    className="row detailsRow"
  >
    <div
      className="col-sm-3 col-xs-12"
    >
      <div
        className="title"
      >
        Date of creation
      </div>
    </div>
    <div>
      Invalid Date
    </div>
  </div>
  <div
    className="row detailsRow"
  >
    <div
      className="col-sm-3 col-xs-12"
    >
      <div
        className="title"
      >
        Location
      </div>
    </div>
    <div>
      undefined undefined
    </div>
  </div>
  <div
    className="row detailsRow"
  >
    <div
      className="col-sm-3 col-xs-12"
    >
      <div
        className="title"
      >
        Created By
      </div>
    </div>
    <div />
  </div>
  <div
    className="row detailsRow"
  >
    <div
      className="col-sm-3 col-xs-12"
    >
      <div
        className="title"
      >
        Referral ID
      </div>
    </div>
    <div />
  </div>
  <div
    className="row detailsRow"
  >
    <div
      className="col-sm-3 col-xs-12"
    >
      <div
        className="title"
      >
        Agency
      </div>
    </div>
    <div />
  </div>
  <div
    className="horizontalSeparatorLine"
  />
  <div
    className="row"
  >
    Disclaimer:
  </div>
</main>
`;
